<html>
<body>
<pre>
<h1>╡Vision Build Log</h1>
<h2>Tool Versions:</h2>
IDE-Version: ╡Vision V5.20.0.0
Copyright (C) 2016 ARM Ltd and ARM Germany GmbH. All rights reserved.
License Information: 1 1, 1, LIC=8MZ8T-R0QAU-JM298-3M9AM-DVAY6-YA1QJ
 
Tool Versions:
Toolchain:       MDK-ARM Professional  Version: 5.20
Toolchain Path:  C:\Keil_v520\ARM\ARMCC\Bin
C Compiler:      Armcc.exe V5.06 update 2 (build 183)
Assembler:       Armasm.exe V5.06 update 2 (build 183)
Linker/Locator:  ArmLink.exe V5.06 update 2 (build 183)
Library Manager: ArmAr.exe V5.06 update 2 (build 183)
Hex Converter:   FromElf.exe V5.06 update 2 (build 183)
CPU DLL:         SARMCM3.DLL V5.20
Dialog DLL:      DARMCM1.DLL V1.14.0.0
Target DLL:      STLink\ST-LINKIII-KEIL_SWO.dll V2.0.18.0
Dialog DLL:      TARMCM1.DLL V1.10.0.0
 
<h2>Project:</h2>
H:\!STM32\Work\Postirayka\LoRa\!!!!_New_send_CRC\receiver\MDK-ARM\receiver.uvprojx
Project File Date:  10/18/2016

<h2>Output:</h2>
*** Using Compiler 'V5.06 update 2 (build 183)', folder: 'C:\Keil_v520\ARM\ARMCC\Bin'
Rebuild target 'receiver'
assembling startup_stm32l053xx.s...
compiling stm32l0xx_hal_flash.c...
compiling stm32l0xx_hal_flash_ramfunc.c...
compiling stm32l0xx_hal_spi.c...
compiling stm32l0xx_hal_tim.c...
compiling stm32l0xx_hal_tim_ex.c...
compiling stm32l0xx_hal_uart.c...
compiling stm32l0xx_hal_i2c.c...
compiling stm32l0xx_hal_rcc.c...
compiling stm32l0xx_hal_i2c_ex.c...
compiling stm32l0xx_hal_cortex.c...
compiling stm32l0xx_hal_flash_ex.c...
compiling stm32l0xx_hal_gpio.c...
compiling stm32l0xx_hal_uart_ex.c...
compiling stm32l0xx_hal_pwr_ex.c...
compiling stm32l0xx_hal_pwr.c...
compiling stm32l0xx_hal_dma.c...
compiling stm32l0xx_hal_rcc_ex.c...
compiling stm32l0xx_hal.c...
compiling main.c...
compiling stm32l0xx_it.c...
compiling stm32l0xx_hal_msp.c...
compiling gpio.c...
compiling f10x-pcd8544.c...
compiling spi.c...
compiling dma.c...
compiling usart.c...
compiling system_stm32l0xx.c...
linking...
Program Size: Code=13828 RO-data=840 RW-data=112 ZI-data=2592  
After Build - User command #1: C:\keilkill.bat
H:\!STM32\Work\Postirayka\LoRa\!!!!_New_send_CRC\receiver\MDK-ARM>REM	uncomment line for delete browser information del *.crf /s 
H:\!STM32\Work\Postirayka\LoRa\!!!!_New_send_CRC\receiver\MDK-ARM>REM del *.crf /s 
H:\!STM32\Work\Postirayka\LoRa\!!!!_New_send_CRC\receiver\MDK-ARM>del *.o /s 
Удален файл - H:\!STM32\Work\Postirayka\LoRa\!!!!_New_send_CRC\receiver\MDK-ARM\receiver\dma.o
Удален файл - H:\!STM32\Work\Postirayka\LoRa\!!!!_New_send_CRC\receiver\MDK-ARM\receiver\f10x-pcd8544.o
Удален файл - H:\!STM32\Work\Postirayka\LoRa\!!!!_New_send_CRC\receiver\MDK-ARM\receiver\gpio.o
Удален файл - H:\!STM32\Work\Postirayka\LoRa\!!!!_New_send_CRC\receiver\MDK-ARM\receiver\main.o
Удален файл - H:\!STM32\Work\Postirayka\LoRa\!!!!_New_send_CRC\receiver\MDK-ARM\receiver\spi.o
Удален файл - H:\!STM32\Work\Postirayka\LoRa\!!!!_New_send_CRC\receiver\MDK-ARM\receiver\startup_stm32l053xx.o
Удален файл - H:\!STM32\Work\Postirayka\LoRa\!!!!_New_send_CRC\receiver\MDK-ARM\receiver\stm32l0xx_hal.o
Удален файл - H:\!STM32\Work\Postirayka\LoRa\!!!!_New_send_CRC\receiver\MDK-ARM\receiver\stm32l0xx_hal_cortex.o
Удален файл - H:\!STM32\Work\Postirayka\LoRa\!!!!_New_send_CRC\receiver\MDK-ARM\receiver\stm32l0xx_hal_dma.o
Удален файл - H:\!STM32\Work\Postirayka\LoRa\!!!!_New_send_CRC\receiver\MDK-ARM\receiver\stm32l0xx_hal_flash.o
Удален файл - H:\!STM32\Work\Postirayka\LoRa\!!!!_New_send_CRC\receiver\MDK-ARM\receiver\stm32l0xx_hal_flash_ex.o
Удален файл - H:\!STM32\Work\Postirayka\LoRa\!!!!_New_send_CRC\receiver\MDK-ARM\receiver\stm32l0xx_hal_flash_ramfunc.o
Удален файл - H:\!STM32\Work\Postirayka\LoRa\!!!!_New_send_CRC\receiver\MDK-ARM\receiver\stm32l0xx_hal_gpio.o
Удален файл - H:\!STM32\Work\Postirayka\LoRa\!!!!_New_send_CRC\receiver\MDK-ARM\receiver\stm32l0xx_hal_i2c.o
Удален файл - H:\!STM32\Work\Postirayka\LoRa\!!!!_New_send_CRC\receiver\MDK-ARM\receiver\stm32l0xx_hal_i2c_ex.o
Удален файл - H:\!STM32\Work\Postirayka\LoRa\!!!!_New_send_CRC\receiver\MDK-ARM\receiver\stm32l0xx_hal_msp.o
Удален файл - H:\!STM32\Work\Postirayka\LoRa\!!!!_New_send_CRC\receiver\MDK-ARM\receiver\stm32l0xx_hal_pwr.o
Удален файл - H:\!STM32\Work\Postirayka\LoRa\!!!!_New_send_CRC\receiver\MDK-ARM\receiver\stm32l0xx_hal_pwr_ex.o
Удален файл - H:\!STM32\Work\Postirayka\LoRa\!!!!_New_send_CRC\receiver\MDK-ARM\receiver\stm32l0xx_hal_rcc.o
Удален файл - H:\!STM32\Work\Postirayka\LoRa\!!!!_New_send_CRC\receiver\MDK-ARM\receiver\stm32l0xx_hal_rcc_ex.o
Удален файл - H:\!STM32\Work\Postirayka\LoRa\!!!!_New_send_CRC\receiver\MDK-ARM\receiver\stm32l0xx_hal_spi.o
Удален файл - H:\!STM32\Work\Postirayka\LoRa\!!!!_New_send_CRC\receiver\MDK-ARM\receiver\stm32l0xx_hal_tim.o
Удален файл - H:\!STM32\Work\Postirayka\LoRa\!!!!_New_send_CRC\receiver\MDK-ARM\receiver\stm32l0xx_hal_tim_ex.o
Удален файл - H:\!STM32\Work\Postirayka\LoRa\!!!!_New_send_CRC\receiver\MDK-ARM\receiver\stm32l0xx_hal_uart.o
Удален файл - H:\!STM32\Work\Postirayka\LoRa\!!!!_New_send_CRC\receiver\MDK-ARM\receiver\stm32l0xx_hal_uart_ex.o
Удален файл - H:\!STM32\Work\Postirayka\LoRa\!!!!_New_send_CRC\receiver\MDK-ARM\receiver\stm32l0xx_it.o
Удален файл - H:\!STM32\Work\Postirayka\LoRa\!!!!_New_send_CRC\receiver\MDK-ARM\receiver\system_stm32l0xx_1.o
Удален файл - H:\!STM32\Work\Postirayka\LoRa\!!!!_New_send_CRC\receiver\MDK-ARM\receiver\usart.o
H:\!STM32\Work\Postirayka\LoRa\!!!!_New_send_CRC\receiver\MDK-ARM>del *.d /s 
Удален файл - H:\!STM32\Work\Postirayka\LoRa\!!!!_New_send_CRC\receiver\MDK-ARM\receiver\dma.d
Удален файл - H:\!STM32\Work\Postirayka\LoRa\!!!!_New_send_CRC\receiver\MDK-ARM\receiver\f10x-pcd8544.d
Удален файл - H:\!STM32\Work\Postirayka\LoRa\!!!!_New_send_CRC\receiver\MDK-ARM\receiver\gpio.d
Удален файл - H:\!STM32\Work\Postirayka\LoRa\!!!!_New_send_CRC\receiver\MDK-ARM\receiver\main.d
Удален файл - H:\!STM32\Work\Postirayka\LoRa\!!!!_New_send_CRC\receiver\MDK-ARM\receiver\spi.d
Удален файл - H:\!STM32\Work\Postirayka\LoRa\!!!!_New_send_CRC\receiver\MDK-ARM\receiver\startup_stm32l053xx.d
Удален файл - H:\!STM32\Work\Postirayka\LoRa\!!!!_New_send_CRC\receiver\MDK-ARM\receiver\stm32l0xx_hal.d
Удален файл - H:\!STM32\Work\Postirayka\LoRa\!!!!_New_send_CRC\receiver\MDK-ARM\receiver\stm32l0xx_hal_cortex.d
Удален файл - H:\!STM32\Work\Postirayka\LoRa\!!!!_New_send_CRC\receiver\MDK-ARM\receiver\stm32l0xx_hal_dma.d
Удален файл - H:\!STM32\Work\Postirayka\LoRa\!!!!_New_send_CRC\receiver\MDK-ARM\receiver\stm32l0xx_hal_flash.d
Удален файл - H:\!STM32\Work\Postirayka\LoRa\!!!!_New_send_CRC\receiver\MDK-ARM\receiver\stm32l0xx_hal_flash_ex.d
Удален файл - H:\!STM32\Work\Postirayka\LoRa\!!!!_New_send_CRC\receiver\MDK-ARM\receiver\stm32l0xx_hal_flash_ramfunc.d
Удален файл - H:\!STM32\Work\Postirayka\LoRa\!!!!_New_send_CRC\receiver\MDK-ARM\receiver\stm32l0xx_hal_gpio.d
Удален файл - H:\!STM32\Work\Postirayka\LoRa\!!!!_New_send_CRC\receiver\MDK-ARM\receiver\stm32l0xx_hal_i2c.d
Удален файл - H:\!STM32\Work\Postirayka\LoRa\!!!!_New_send_CRC\receiver\MDK-ARM\receiver\stm32l0xx_hal_i2c_ex.d
Удален файл - H:\!STM32\Work\Postirayka\LoRa\!!!!_New_send_CRC\receiver\MDK-ARM\receiver\stm32l0xx_hal_msp.d
Удален файл - H:\!STM32\Work\Postirayka\LoRa\!!!!_New_send_CRC\receiver\MDK-ARM\receiver\stm32l0xx_hal_pwr.d
Удален файл - H:\!STM32\Work\Postirayka\LoRa\!!!!_New_send_CRC\receiver\MDK-ARM\receiver\stm32l0xx_hal_pwr_ex.d
Удален файл - H:\!STM32\Work\Postirayka\LoRa\!!!!_New_send_CRC\receiver\MDK-ARM\receiver\stm32l0xx_hal_rcc.d
Удален файл - H:\!STM32\Work\Postirayka\LoRa\!!!!_New_send_CRC\receiver\MDK-ARM\receiver\stm32l0xx_hal_rcc_ex.d
Удален файл - H:\!STM32\Work\Postirayka\LoRa\!!!!_New_send_CRC\receiver\MDK-ARM\receiver\stm32l0xx_hal_spi.d
Удален файл - H:\!STM32\Work\Postirayka\LoRa\!!!!_New_send_CRC\receiver\MDK-ARM\receiver\stm32l0xx_hal_tim.d
Удален файл - H:\!STM32\Work\Postirayka\LoRa\!!!!_New_send_CRC\receiver\MDK-ARM\receiver\stm32l0xx_hal_tim_ex.d
Удален файл - H:\!STM32\Work\Postirayka\LoRa\!!!!_New_send_CRC\receiver\MDK-ARM\receiver\stm32l0xx_hal_uart.d
Удален файл - H:\!STM32\Work\Postirayka\LoRa\!!!!_New_send_CRC\receiver\MDK-ARM\receiver\stm32l0xx_hal_uart_ex.d
Удален файл - H:\!STM32\Work\Postirayka\LoRa\!!!!_New_send_CRC\receiver\MDK-ARM\receiver\stm32l0xx_it.d
Удален файл - H:\!STM32\Work\Postirayka\LoRa\!!!!_New_send_CRC\receiver\MDK-ARM\receiver\system_stm32l0xx_1.d
Удален файл - H:\!STM32\Work\Postirayka\LoRa\!!!!_New_send_CRC\receiver\MDK-ARM\receiver\usart.d
H:\!STM32\Work\Postirayka\LoRa\!!!!_New_send_CRC\receiver\MDK-ARM>exit
"receiver\receiver.axf" - 0 Error(s), 0 Warning(s).

<h2>Collection of Component include folders:</h2>
  H:\!STM32\Work\Postirayka\LoRa\!!!!_New_send_CRC\receiver\MDK-ARM\RTE
  C:\Keil_v520\ARM\PACK\Keil\STM32L0xx_DFP\1.5.0\Device\Include

<h2>Collection of Component Files used:</h2>
Build Time Elapsed:  00:00:10
</pre>
</body>
</html>
